[htmldemo.net/safzon/team.html]
[backblue.gif]
[fade.gif]
[index.html]
[htmldemo.net/safzon/assets/images/favicon.ico]
[htmldemo.net/safzon/assets/css/plugins.css]
[htmldemo.net/safzon/assets/css/style.css]
[htmldemo.net/safzon/index.html]
[htmldemo.net/safzon/assets/images/logo/logo.png]
[htmldemo.net/safzon/boxed-layout.html]
[htmldemo.net/safzon/about.html]
[htmldemo.net/safzon/service.html]
[htmldemo.net/safzon/service-details.html]
[htmldemo.net/safzon/gallery.html]
[htmldemo.net/safzon/blog.html]
[htmldemo.net/safzon/blog-details.html]
[htmldemo.net/safzon/contact-us.html]
[htmldemo.net/safzon/assets/images/bg/breadcrumb-bg.jpg]
[htmldemo.net/safzon/assets/images/team/team-01.jpg]
[htmldemo.net/safzon/assets/images/team/team-02.jpg]
[htmldemo.net/safzon/assets/images/team/team-04.jpg]
[htmldemo.net/safzon/assets/images/team/team-05.jpg]
[htmldemo.net/safzon/assets/images/team/team-06.jpg]
[htmldemo.net/safzon/assets/images/team/team-03.jpg]
[htmldemo.net/safzon/team.html]
[htmldemo.net/safzon/assets/js/main.js]
[htmldemo.net/safzon/assets/js/plugins.js]
[htmldemo.net/safzon/assets/fonts/fontawesome-webfont3e6e.woff2]
[htmldemo.net/safzon/assets/fonts/fontawesome-webfontd41d.eot]
[htmldemo.net/safzon/assets/fonts/fontawesome-webfont3e6e.eot]
[htmldemo.net/safzon/assets/fonts/fontawesome-webfont3e6e.woff]
[htmldemo.net/safzon/assets/fonts/fontawesome-webfont3e6e.ttf]
[htmldemo.net/safzon/assets/fonts/Material-Design-Iconic-Fontd1f1.woff2]
[htmldemo.net/safzon/assets/fonts/fontawesome-webfont3e6e.svg]
[htmldemo.net/safzon/assets/fonts/Material-Design-Iconic-Fontd1f1.woff]
[htmldemo.net/safzon/assets/fonts/Material-Design-Iconic-Fontd1f1.ttf]
[htmldemo.net/safzon/assets/css/plugins.css]
[htmldemo.net/safzon/assets/images/bg/bg-01.png]
[htmldemo.net/safzon/assets/css/style.css]
[htmldemo.net/safzon/assets/images/hero/hero-1.jpg]
[htmldemo.net/safzon/assets/images/hero/hero-2.jpg]
[htmldemo.net/safzon/assets/images/icon/service-01.png]
[htmldemo.net/safzon/assets/images/icon/service-02.png]
[htmldemo.net/safzon/assets/images/icon/service-03.png]
[htmldemo.net/safzon/assets/images/icon/service-04.png]
[htmldemo.net/safzon/assets/images/about/about-01.png]
[htmldemo.net/safzon/assets/images/serviece/service-01.jpg]
[htmldemo.net/safzon/assets/images/serviece/service-02.jpg]
[htmldemo.net/safzon/assets/images/serviece/service-03.jpg]
[htmldemo.net/safzon/assets/images/icon/c-01.png]
[htmldemo.net/safzon/assets/images/icon/c-02.png]
[htmldemo.net/safzon/assets/images/icon/c-03.png]
[htmldemo.net/safzon/assets/images/testimoniail/01.png]
[htmldemo.net/safzon/assets/images/testimoniail/02.png]
[htmldemo.net/safzon/assets/images/blog/thum-01.jpg]
[htmldemo.net/safzon/assets/images/blog/thum-02.jpg]
[htmldemo.net/safzon/assets/images/blog/thum-03.jpg]
[htmldemo.net/safzon/assets/images/blog/thum-05.jpg]
[htmldemo.net/safzon/index.html]
[htmldemo.net/safzon/boxed-layout.html]
[htmldemo.net/safzon/assets/images/bg/counter-bg.jpg]
[htmldemo.net/safzon/assets/images/icon/fun-01.png]
[htmldemo.net/safzon/assets/images/icon/fun-02.png]
[htmldemo.net/safzon/assets/images/icon/fun-03.png]
[htmldemo.net/safzon/assets/images/icon/fun-04.png]
[htmldemo.net/safzon/about.html]
[htmldemo.net/safzon/assets/images/serviece/service-04.jpg]
[htmldemo.net/safzon/assets/images/serviece/service-05.jpg]
[htmldemo.net/safzon/assets/images/serviece/service-06.jpg]
[htmldemo.net/safzon/service.html]
[htmldemo.net/safzon/assets/images/serviece/service-details01.jpg]
[htmldemo.net/safzon/service-details.html]
[htmldemo.net/safzon/assets/images/gallery/gallery-01.jpg]
[htmldemo.net/safzon/assets/images/gallery/gallery-02.jpg]
[htmldemo.net/safzon/assets/images/gallery/gallery-03.jpg]
[htmldemo.net/safzon/assets/images/gallery/gallery-04.jpg]
[htmldemo.net/safzon/assets/images/gallery/gallery-05.jpg]
[htmldemo.net/safzon/assets/images/gallery/gallery-06.jpg]
[htmldemo.net/safzon/assets/images/gallery/gallery-07.jpg]
[htmldemo.net/safzon/assets/images/gallery/gallery-08.jpg]
[htmldemo.net/safzon/assets/images/gallery/gallery-09.jpg]
[htmldemo.net/safzon/gallery.html]
[htmldemo.net/safzon/assets/images/blog/thum-04.jpg]
[htmldemo.net/safzon/assets/images/blog/thum-06.jpg]
[htmldemo.net/safzon/blog.html]
[htmldemo.net/safzon/product-details.html]
[htmldemo.net/safzon/assets/images/blog/blog-side-01.jpg]
[htmldemo.net/safzon/assets/images/blog/blog-details.jpg]
[htmldemo.net/safzon/assets/images/review/comment-1.jpg]
[htmldemo.net/safzon/assets/images/review/comment-2.jpg]
[htmldemo.net/safzon/blog-details.html]
[htmldemo.net/safzon/contact-us.html]
[htmldemo.net/safzon/assets/fonts/fontawesome-webfont3e6e.svg]
[www.googletagmanager.com/gtm5445.html]
[htmldemo.net/safzon/product-details.html]
